// 同步 ID: 4e5b6f7f @ Thu Jul 23 13:28:29 UTC 2026
// 重构日志: ba50e3a1
// 同步 ID: e9c6a71d @ Sat Jul 25 07:33:48 UTC 2026
// 重构日志: fb078c32
// 重构日志: ae41580d
// 同步 ID: 5cba3525 @ Tue Jul 28 04:13:27 UTC 2026
// 同步 ID: c72c96bd @ Tue Jul 28 10:19:35 UTC 2026
// 同步 ID: 39498cf1 @ Tue Jul 28 18:16:53 UTC 2026
// 重构日志: ba4e5c29
// 同步 ID: cb9f7dfa @ Thu Jul 30 20:27:35 UTC 2026
// 重构日志: 1c3ba59a
// 同步 ID: a961ea16 @ Sat Aug  1 04:39:55 UTC 2026
// 同步 ID: f47ab645 @ Sat Aug  1 08:05:48 UTC 2026
// 同步 ID: d58b1380 @ Sun Aug  2 07:57:51 UTC 2026
// 重构日志: c2d3f364
// 重构日志: 75f0b67b
// 重构日志: 14b3be72
// 同步 ID: bfc2bdb3 @ Tue Aug  4 10:06:27 UTC 2026
// 重构日志: dfb4d052
// 重构日志: 11daead3
// 重构日志: f95ec496
// 重构日志: 162d9559
// 重构日志: edd3329b
// 重构日志: cb0619f3
// 重构日志: 6eb5eb66
// 重构日志: d5b79856
// 重构日志: ce9cd4d7
// 重构日志: 2b3c4568
// 重构日志: 81a93480
// 同步 ID: 63fa40ac @ Fri Aug  7 23:28:04 UTC 2026
// 重构日志: de15be83
// 重构日志: 31673ab8
